<?xml version="1.0" ?>
<testsuites errors="0" failures="0" name="ABLUnit" tests="2"><testsuite classname="test.unit.CustomerDATest" errors="0" failures="0" id="1" name="C:\OpenEdge\WRK\OpenEdgeLittleApp\test\unit\CustomerDATest.cls" skipped="0" tests="2" time=".067"><properties><property name="proversion" value="12.8.0.0.1207"/><property name="process-architecture" value="64"/><property name="opsys" value="WIN32"/><property name="window-system" value="MS-WINXP"/><property name="cpinternal" value="ISO8859-1"/><property name="startup-parameters" value="-pf C:\Progress\OpenEdge\startup.pf,-cpinternal ISO8859-1,-cpstream ISO8859-1,-cpcoll Basic,-cpcase Basic,-d mdy,-numsep 44,-numdec 46,(end .pf),-db Sports2020.db,-H localhost,-S 25000,-ld Sports2020,-N TCP,-nosplash,-p C:\Progress\OpenEdge\oeide\eclipse\plugins\com.openedge.pdt.debug.core_12.8.0.00\abl\_debuglauncher.p"/></properties><testcase classname="test.unit.CustomerDATest" name="testGetByCustNum" status="Success" time=".001"/><testcase classname="test.unit.CustomerDATest" name="testTryGetByCustNum" status="Success" time=".001"/></testsuite></testsuites>